tester@VM-MAC10-16 helpview % lldb ./helpview
(lldb) target create "./helpview"
Current executable set to '/Users/tester/wxWidgets-3.0.5/osx/samples/html/helpview/helpview' (x86_64).
(lldb) r test.zip
Process 50409 launched: '/Users/tester/wxWidgets-3.0.5/osx/samples/html/helpview/helpview' (x86_64)
2020-12-10 00:13:36.416755-0800 helpview[50409:378566] SecTaskLoadEntitlements failed error=22 cs_flags=20, pid=50409
2020-12-10 00:13:36.416918-0800 helpview[50409:378566] SecTaskCopyDebugDescription: helpview[50409]/0#-1 LF=0
2020-12-10 00:13:37.214184-0800 helpview[50409:378566] SecTaskLoadEntitlements failed error=22 cs_flags=20, pid=50409
2020-12-10 00:13:37.214410-0800 helpview[50409:378566] SecTaskCopyDebugDescription: helpview[50409]/0#-1 LF=0
2020-12-10 00:13:37.245177-0800 helpview[50409:378566] CoreText note: Client requested name ".SFNS-Regular", it will get Times-Roman rather than the intended font. All system UI font access should be through proper APIs such as CTFontCreateUIFontForLanguage() or +[NSFont systemFontOfSize:].
2020-12-10 00:13:37.245273-0800 helpview[50409:378566] CoreText note: Set a breakpoint on CTFontLogSystemFontNameRequest to debug.
2020-12-10 00:13:37.267407-0800 helpview[50409:378566] CoreText note: Client requested name ".SFNS-Regular", it will get Times-Roman rather than the intended font. All system UI font access should be through proper APIs such as CTFontCreateUIFontForLanguage() or +[NSFont systemFontOfSize:].
2020-12-10 00:13:37.313423-0800 helpview[50409:378566] CoreText note: Client requested name ".SFNS-Regular", it will get Times-Roman rather than the intended font. All system UI font access should be through proper APIs such as CTFontCreateUIFontForLanguage() or +[NSFont systemFontOfSize:].
2020-12-10 00:13:37.357138-0800 helpview[50409:378566] CoreText note: Client requested name ".SFNS-Regular", it will get Times-Roman rather than the intended font. All system UI font access should be through proper APIs such as CTFontCreateUIFontForLanguage() or +[NSFont systemFontOfSize:].
2020-12-10 00:13:37.358466-0800 helpview[50409:378566] CoreText note: Client requested name ".SFNS-Regular", it will get Times-Roman rather than the intended font. All system UI font access should be through proper APIs such as CTFontCreateUIFontForLanguage() or +[NSFont systemFontOfSize:].
Process 50409 stopped
* thread #1, queue = 'com.apple.main-thread', stop reason = EXC_BAD_ACCESS (code=1, address=0x9)
    frame #0: 0x00000001000f24cb helpview`wxMacCoreGraphicsBrushData::CalculateShadingValues(info=0x000000011214b498, in=0x00007ffeefbfb410, out=0x00007ffeefbfb470) at graphics.cpp:770:33
   767      if (f <= 0.0)
   768      {
   769          // Start
-> 770          out[0] = stops.comps[0].red;
   771          out[1] = stops.comps[0].green;
   772          out[2] = stops.comps[0].blue;
   773          out[3] = stops.comps[0].alpha;
Target 0: (helpview) stopped.
(lldb) fr s 0
frame #0: 0x00000001000f24cb helpview`wxMacCoreGraphicsBrushData::CalculateShadingValues(info=0x000000011214b498, in=0x00007ffeefbfb410, out=0x00007ffeefbfb470) at graphics.cpp:770:33
   767      if (f <= 0.0)
   768      {
   769          // Start
-> 770          out[0] = stops.comps[0].red;
   771          out[1] = stops.comps[0].green;
   772          out[2] = stops.comps[0].blue;
   773          out[3] = stops.comps[0].alpha;
(lldb) p stops
(const wxMacCoreGraphicsBrushData::GradientComponents) $14 = {
  count = 0
  comps = 0x0000000000000001
}
(lldb) p stops.comps[0]
error: Couldn't apply expression side effects : Couldn't dematerialize a result variable: couldn't read its memory
(lldb)
