
(gdb) r --g-fatal-warnings
Starting program: /home/salva/s/trunk/prolog/wxpl/pizza --g-fatal-warnings
[Thread debugging using libthread_db enabled]
[New Thread 16384 (LWP 1305)]

GLib-GObject-WARNING **: invalid cast from `GtkPizza' to `GtkWindow'
aborting...

Program received signal SIGABRT, Aborted.
[Switching to Thread 16384 (LWP 1305)]
0x407b8741 in kill () from /lib/libc.so.6
(gdb) bt
#0  0x407b8741 in kill () from /lib/libc.so.6
#1  0x40746771 in pthread_kill () from /lib/libpthread.so.0
#2  0x40746a7b in raise () from /lib/libpthread.so.0
#3  0x407b84d4 in raise () from /lib/libc.so.6
#4  0x407b9a08 in abort () from /lib/libc.so.6
#5  0x40d048c7 in g_logv () from /usr/lib/libglib-2.0.so.0
#6  0x40d04904 in g_log () from /usr/lib/libglib-2.0.so.0
#7  0x40cba761 in g_type_check_instance_cast ()
   from /usr/lib/libgobject-2.0.so.0
#8  0x41181064 in lighthouseblue_rc_style_register_type ()
   from /usr/lib/gtk-2.0/2.4.0/engines/liblighthouseblue.so
#9  0x40a4fb77 in gtk_paint_flat_box () from /usr/lib/libgtk-x11-2.0.so.0
#10 0x40346aa9 in wxRendererGTK::DrawSplitterSash (this=0x4056f9f8, 
    win=0x80c7550, dc=@0xbfffeea0, size=@0xbfffee58, position=90, 
    orient=wxHORIZONTAL, flags=0) at src/gtk/renderer.cpp:330
#11 0x404807fa in wxSplitterWindow::DrawSash (this=0x80c7550, dc=@0xbfffeea0)
    at src/generic/splitter.cpp:459
#12 0x4047fc66 in wxSplitterWindow::OnPaint (this=0x80c7550)
    at src/generic/splitter.cpp:171
#13 0x406350f2 in wxAppConsole::HandleEvent (this=0x8054fc8, 
    handler=0x80c7550, func=
      {__pfn = 0x4047fc1c <wxSplitterWindow::OnPaint(wxPaintEvent&)>, __delta = 0}, event=@0xbffff100) at src/common/appbase.cpp:297
#14 0x406ce7ff in wxEvtHandler::ProcessEventIfMatches (entry=@0x405734c0, 
    handler=0x80c7550, event=@0xbffff100) at src/common/event.cpp:1169
#15 0x406cd840 in wxEventHashTable::HandleEvent (this=0x405734a0, 
    event=@0xbffff100, self=0x80c7550) at src/common/event.cpp:837
#16 0x406cea18 in wxEvtHandler::ProcessEvent (this=0x80c7550, 
    event=@0xbffff100) at src/common/event.cpp:1231
#17 0x40356955 in wxWindow::GtkSendPaintEvents (this=0x80c7550)
    at src/gtk/window.cpp:3912
#18 0x4034ea8a in gtk_window_expose_callback (widget=0x80c44e0, 
    gdk_event=0xbffff6d0, win=0x80c7550) at src/gtk/window.cpp:547
#19 0x409f1b64 in _gtk_marshal_BOOLEAN__BOXED ()
   from /usr/lib/libgtk-x11-2.0.so.0
#20 0x40c9cc20 in g_closure_invoke () from /usr/lib/libgobject-2.0.so.0
#21 0x40cb0c55 in g_signal_emit_by_name () from /usr/lib/libgobject-2.0.so.0
#22 0x40caf9ee in g_signal_emit_valist () from /usr/lib/libgobject-2.0.so.0
#23 0x40caff14 in g_signal_emit () from /usr/lib/libgobject-2.0.so.0
#24 0x40af0427 in gtk_widget_send_expose () from /usr/lib/libgtk-x11-2.0.so.0
#25 0x409eee2d in gtk_main_do_event () from /usr/lib/libgtk-x11-2.0.so.0
#26 0x40bd9f23 in gdk_window_clear_area_e () from /usr/lib/libgdk-x11-2.0.so.0
#27 0x40bda02a in gdk_window_process_all_updates ()
   from /usr/lib/libgdk-x11-2.0.so.0
#28 0x4096e0fe in gtk_container_set_reallocate_redraws ()
   from /usr/lib/libgtk-x11-2.0.so.0
#29 0x40cfed03 in g_child_watch_add () from /usr/lib/libglib-2.0.so.0
#30 0x40cfb942 in g_main_depth () from /usr/lib/libglib-2.0.so.0
#31 0x40cfca38 in g_main_context_dispatch () from /usr/lib/libglib-2.0.so.0
#32 0x40cfcd70 in g_main_context_dispatch () from /usr/lib/libglib-2.0.so.0
#33 0x40cfd3b3 in g_main_loop_run () from /usr/lib/libglib-2.0.so.0
#34 0x409ee713 in gtk_main () from /usr/lib/libgtk-x11-2.0.so.0
#35 0x4033dd76 in wxEventLoop::Run (this=0x810c070) at src/gtk/evtloop.cpp:87
#36 0x403c888c in wxAppBase::MainLoop (this=0x8054fc8)
    at src/common/appcmn.cpp:262
#37 0x403c89ea in wxAppBase::OnRun (this=0x8054fc8)
    at src/common/appcmn.cpp:330
#38 0x40675174 in wxEntry (argc=@0xbffff9d0, argv=0xbffffa24)
    at src/common/init.cpp:410
#39 0x0804a2a2 in main (argc=1, argv=0xbffffa24) at pizza.cxx:28
(gdb) up
#1  0x40746771 in pthread_kill () from /lib/libpthread.so.0
(gdb) up
#2  0x40746a7b in raise () from /lib/libpthread.so.0
(gdb) up
#3  0x407b84d4 in raise () from /lib/libc.so.6
(gdb) up
#4  0x407b9a08 in abort () from /lib/libc.so.6
(gdb) up
#5  0x40d048c7 in g_logv () from /usr/lib/libglib-2.0.so.0
(gdb) up
#6  0x40d04904 in g_log () from /usr/lib/libglib-2.0.so.0
(gdb) up
#7  0x40cba761 in g_type_check_instance_cast ()
   from /usr/lib/libgobject-2.0.so.0
(gdb) up
#8  0x41181064 in lighthouseblue_rc_style_register_type ()
   from /usr/lib/gtk-2.0/2.4.0/engines/liblighthouseblue.so
(gdb) up
#9  0x40a4fb77 in gtk_paint_flat_box () from /usr/lib/libgtk-x11-2.0.so.0
(gdb) up
#10 0x40346aa9 in wxRendererGTK::DrawSplitterSash (this=0x4056f9f8, 
    win=0x80c7550, dc=@0xbfffeea0, size=@0xbfffee58, position=90, 
    orient=wxHORIZONTAL, flags=0) at src/gtk/renderer.cpp:330
(gdb) 

 	  	 
