GNU gdb (GDB) 7.6-debian
Copyright (C) 2013 Free Software Foundation, Inc.
License GPLv3+: GNU GPL version 3 or later <http://gnu.org/licenses/gpl.html>
This is free software: you are free to change and redistribute it.
There is NO WARRANTY, to the extent permitted by law.  Type "show copying"
and "show warranty" for details.
This GDB was configured as "x86_64-linux-gnu".
For bug reporting instructions, please see:
<http://www.gnu.org/software/gdb/bugs/>.
(gdb) handle SIG33 pass nostop noprint
Signal        Stop	Print	Pass to program	Description
SIG33         No	No	Yes		Real-time event 33
(gdb) attage [K[K[Kch 12509
Attaching to process 12509
Reading symbols from /usr/bin/python2.7...(no debugging symbols found)...done.
warning: Could not load shared library symbols for linux-vdso.so.1.
Do you need "set solib-search-path" or "set sysroot"?
Reading symbols from /lib/x86_64-linux-gnu/libpthread.so.0...Reading symbols from /usr/lib/debug/lib/x86_64-linux-gnu/libpthread-2.17.so...done.
done.
[Thread debugging using libthread_db enabled]
Using host libthread_db library "/lib/x86_64-linux-gnu/libthread_db.so.1".
Loaded symbols for /lib/x86_64-linux-gnu/libpthread.so.0
Reading symbols from /lib/x86_64-linux-gnu/libdl.so.2...Reading symbols from /usr/lib/debug/lib/x86_64-linux-gnu/libdl-2.17.so...done.
done.
Loaded symbols for /lib/x86_64-linux-gnu/libdl.so.2
Reading symbols from /lib/x86_64-linux-gnu/libutil.so.1...Reading symbols from /usr/lib/debug/lib/x86_64-linux-gnu/libutil-2.17.so...done.
done.
Loaded symbols for /lib/x86_64-linux-gnu/libutil.so.1
Reading symbols from /lib/x86_64-linux-gnu/libz.so.1...(no debugging symbols found)...done.
Loaded symbols for /lib/x86_64-linux-gnu/libz.so.1
Reading symbols from /lib/x86_64-linux-gnu/libm.so.6...Reading symbols from /usr/lib/debug/lib/x86_64-linux-gnu/libm-2.17.so...done.
done.
Loaded symbols for /lib/x86_64-linux-gnu/libm.so.6
Reading symbols from /lib/x86_64-linux-gnu/libc.so.6...Reading symbols from /usr/lib/debug/lib/x86_64-linux-gnu/libc-2.17.so...done.
done.
Loaded symbols for /lib/x86_64-linux-gnu/libc.so.6
Reading symbols from /lib/x86_64-linux-gnu/libgcc_s.so.1...(no debugging symbols found)...done.
Loaded symbols for /lib/x86_64-linux-gnu/libgcc_s.so.1
Reading symbols from /lib64/ld-linux-x86-64.so.2...Reading symbols from /usr/lib/debug/lib/x86_64-linux-gnu/ld-2.17.so...done.
done.
Loaded symbols for /lib64/ld-linux-x86-64.so.2
Reading symbols from /usr/lib/python2.7/dist-packages/wx-2.8-gtk2-unicode/wx/_core_.so...(no debugging symbols found)...done.
Loaded symbols for /usr/lib/python2.7/dist-packages/wx-2.8-gtk2-unicode/wx/_core_.so
Reading symbols from /usr/lib/x86_64-linux-gnu/libwx_gtk2u_richtext-2.8.so.0...(no debugging symbols found)...done.
Loaded symbols for /usr/lib/x86_64-linux-gnu/libwx_gtk2u_richtext-2.8.so.0
Reading symbols from /usr/lib/x86_64-linux-gnu/libwx_gtk2u_aui-2.8.so.0...(no debugging symbols found)...done.
Loaded symbols for /usr/lib/x86_64-linux-gnu/libwx_gtk2u_aui-2.8.so.0
Reading symbols from /usr/lib/x86_64-linux-gnu/libwx_gtk2u_xrc-2.8.so.0...(no debugging symbols found)...done.
Loaded symbols for /usr/lib/x86_64-linux-gnu/libwx_gtk2u_xrc-2.8.so.0
Reading symbols from /usr/lib/x86_64-linux-gnu/libwx_gtk2u_qa-2.8.so.0...(no debugging symbols found)...done.
Loaded symbols for /usr/lib/x86_64-linux-gnu/libwx_gtk2u_qa-2.8.so.0
Reading symbols from /usr/lib/x86_64-linux-gnu/libwx_gtk2u_html-2.8.so.0...(no debugging symbols found)...done.
Loaded symbols for /usr/lib/x86_64-linux-gnu/libwx_gtk2u_html-2.8.so.0
Reading symbols from /usr/lib/x86_64-linux-gnu/libwx_gtk2u_adv-2.8.so.0...(no debugging symbols found)...done.
Loaded symbols for /usr/lib/x86_64-linux-gnu/libwx_gtk2u_adv-2.8.so.0
Reading symbols from /usr/lib/x86_64-linux-gnu/libwx_gtk2u_core-2.8.so.0...(no debugging symbols found)...done.
Loaded symbols for /usr/lib/x86_64-linux-gnu/libwx_gtk2u_core-2.8.so.0
Reading symbols from /usr/lib/x86_64-linux-gnu/libwx_baseu_xml-2.8.so.0...(no debugging symbols found)...done.
Loaded symbols for /usr/lib/x86_64-linux-gnu/libwx_baseu_xml-2.8.so.0
Reading symbols from /usr/lib/x86_64-linux-gnu/libwx_baseu_net-2.8.so.0...(no debugging symbols found)...done.
Loaded symbols for /usr/lib/x86_64-linux-gnu/libwx_baseu_net-2.8.so.0
Reading symbols from /usr/lib/x86_64-linux-gnu/libwx_baseu-2.8.so.0...(no debugging symbols found)...done.
Loaded symbols for /usr/lib/x86_64-linux-gnu/libwx_baseu-2.8.so.0
Reading symbols from /usr/lib/x86_64-linux-gnu/libstdc++.so.6...(no debugging symbols found)...done.
Loaded symbols for /usr/lib/x86_64-linux-gnu/libstdc++.so.6
Reading symbols from /usr/lib/x86_64-linux-gnu/libgtk-x11-2.0.so.0...(no debugging symbols found)...done.
Loaded symbols for /usr/lib/x86_64-linux-gnu/libgtk-x11-2.0.so.0
Reading symbols from /usr/lib/x86_64-linux-gnu/libgdk-x11-2.0.so.0...(no debugging symbols found)...done.
Loaded symbols for /usr/lib/x86_64-linux-gnu/libgdk-x11-2.0.so.0
Reading symbols from /usr/lib/x86_64-linux-gnu/libatk-1.0.so.0...(no debugging symbols found)...done.
Loaded symbols for /usr/lib/x86_64-linux-gnu/libatk-1.0.so.0
Reading symbols from /usr/lib/x86_64-linux-gnu/libgio-2.0.so.0...(no debugging symbols found)...done.
Loaded symbols for /usr/lib/x86_64-linux-gnu/libgio-2.0.so.0
Reading symbols from /usr/lib/x86_64-linux-gnu/libpangoft2-1.0.so.0...(no debugging symbols found)...done.
Loaded symbols for /usr/lib/x86_64-linux-gnu/libpangoft2-1.0.so.0
Reading symbols from /usr/lib/x86_64-linux-gnu/libgdk_pixbuf-2.0.so.0...(no debugging symbols found)...done.
Loaded symbols for /usr/lib/x86_64-linux-gnu/libgdk_pixbuf-2.0.so.0
Reading symbols from /usr/lib/x86_64-linux-gnu/libpango-1.0.so.0...(no debugging symbols found)...done.
Loaded symbols for /usr/lib/x86_64-linux-gnu/libpango-1.0.so.0
Reading symbols from /usr/lib/x86_64-linux-gnu/libfreetype.so.6...(no debugging symbols found)...done.
Loaded symbols for /usr/lib/x86_64-linux-gnu/libfreetype.so.6
Reading symbols from /usr/lib/x86_64-linux-gnu/libfontconfig.so.1...(no debugging symbols found)...done.
Loaded symbols for /usr/lib/x86_64-linux-gnu/libfontconfig.so.1
Reading symbols from /usr/lib/x86_64-linux-gnu/libgobject-2.0.so.0...(no debugging symbols found)...done.
Loaded symbols for /usr/lib/x86_64-linux-gnu/libgobject-2.0.so.0
Reading symbols from /usr/lib/x86_64-linux-gnu/libgthread-2.0.so.0...(no debugging symbols found)...done.
Loaded symbols for /usr/lib/x86_64-linux-gnu/libgthread-2.0.so.0
Reading symbols from /lib/x86_64-linux-gnu/libglib-2.0.so.0...(no debugging symbols found)...done.
Loaded symbols for /lib/x86_64-linux-gnu/libglib-2.0.so.0
Reading symbols from /usr/lib/x86_64-linux-gnu/libXinerama.so.1...(no debugging symbols found)...done.
Loaded symbols for /usr/lib/x86_64-linux-gnu/libXinerama.so.1
Reading symbols from /usr/lib/x86_64-linux-gnu/libXxf86vm.so.1...(no debugging symbols found)...done.
Loaded symbols for /usr/lib/x86_64-linux-gnu/libXxf86vm.so.1
Reading symbols from /usr/lib/x86_64-linux-gnu/libSM.so.6...(no debugging symbols found)...done.
Loaded symbols for /usr/lib/x86_64-linux-gnu/libSM.so.6
Reading symbols from /lib/x86_64-linux-gnu/libpng12.so.0...(no debugging symbols found)...done.
Loaded symbols for /lib/x86_64-linux-gnu/libpng12.so.0
Reading symbols from /usr/lib/x86_64-linux-gnu/libjpeg.so.8...(no debugging symbols found)...done.
Loaded symbols for /usr/lib/x86_64-linux-gnu/libjpeg.so.8
Reading symbols from /usr/lib/x86_64-linux-gnu/libtiff.so.5...(no debugging symbols found)...done.
Loaded symbols for /usr/lib/x86_64-linux-gnu/libtiff.so.5
Reading symbols from /lib/x86_64-linux-gnu/libexpat.so.1...(no debugging symbols found)...done.
Loaded symbols for /lib/x86_64-linux-gnu/libexpat.so.1
Reading symbols from /usr/lib/x86_64-linux-gnu/libgmodule-2.0.so.0...(no debugging symbols found)...done.
Loaded symbols for /usr/lib/x86_64-linux-gnu/libgmodule-2.0.so.0
Reading symbols from /usr/lib/x86_64-linux-gnu/libpangocairo-1.0.so.0...(no debugging symbols found)...done.
Loaded symbols for /usr/lib/x86_64-linux-gnu/libpangocairo-1.0.so.0
Reading symbols from /usr/lib/x86_64-linux-gnu/libX11.so.6...(no debugging symbols found)...done.
Loaded symbols for /usr/lib/x86_64-linux-gnu/libX11.so.6
Reading symbols from /usr/lib/x86_64-linux-gnu/libXcomposite.so.1...(no debugging symbols found)...done.
Loaded symbols for /usr/lib/x86_64-linux-gnu/libXcomposite.so.1
Reading symbols from /usr/lib/x86_64-linux-gnu/libXdamage.so.1...(no debugging symbols found)...done.
Loaded symbols for /usr/lib/x86_64-linux-gnu/libXdamage.so.1
Reading symbols from /usr/lib/x86_64-linux-gnu/libXfixes.so.3...(no debugging symbols found)...done.
Loaded symbols for /usr/lib/x86_64-linux-gnu/libXfixes.so.3
Reading symbols from /usr/lib/x86_64-linux-gnu/libcairo.so.2...(no debugging symbols found)...done.
Loaded symbols for /usr/lib/x86_64-linux-gnu/libcairo.so.2
Reading symbols from /usr/lib/x86_64-linux-gnu/libXrender.so.1...(no debugging symbols found)...done.
Loaded symbols for /usr/lib/x86_64-linux-gnu/libXrender.so.1
Reading symbols from /usr/lib/x86_64-linux-gnu/libXi.so.6...(no debugging symbols found)...done.
Loaded symbols for /usr/lib/x86_64-linux-gnu/libXi.so.6
Reading symbols from /usr/lib/x86_64-linux-gnu/libXrandr.so.2...(no debugging symbols found)...done.
Loaded symbols for /usr/lib/x86_64-linux-gnu/libXrandr.so.2
Reading symbols from /usr/lib/x86_64-linux-gnu/libXcursor.so.1...(no debugging symbols found)...done.
Loaded symbols for /usr/lib/x86_64-linux-gnu/libXcursor.so.1
Reading symbols from /usr/lib/x86_64-linux-gnu/libXext.so.6...(no debugging symbols found)...done.
Loaded symbols for /usr/lib/x86_64-linux-gnu/libXext.so.6
Reading symbols from /lib/x86_64-linux-gnu/libselinux.so.1...(no debugging symbols found)...done.
Loaded symbols for /lib/x86_64-linux-gnu/libselinux.so.1
Reading symbols from /lib/x86_64-linux-gnu/libresolv.so.2...Reading symbols from /usr/lib/debug/lib/x86_64-linux-gnu/libresolv-2.17.so...done.
done.
Loaded symbols for /lib/x86_64-linux-gnu/libresolv.so.2
Reading symbols from /usr/lib/x86_64-linux-gnu/libharfbuzz.so.0...(no debugging symbols found)...done.
Loaded symbols for /usr/lib/x86_64-linux-gnu/libharfbuzz.so.0
Reading symbols from /usr/lib/x86_64-linux-gnu/libthai.so.0...(no debugging symbols found)...done.
Loaded symbols for /usr/lib/x86_64-linux-gnu/libthai.so.0
Reading symbols from /usr/lib/x86_64-linux-gnu/libffi.so.6...(no debugging symbols found)...done.
Loaded symbols for /usr/lib/x86_64-linux-gnu/libffi.so.6
Reading symbols from /lib/x86_64-linux-gnu/libpcre.so.3...(no debugging symbols found)...done.
Loaded symbols for /lib/x86_64-linux-gnu/libpcre.so.3
Reading symbols from /usr/lib/x86_64-linux-gnu/libICE.so.6...(no debugging symbols found)...done.
Loaded symbols for /usr/lib/x86_64-linux-gnu/libICE.so.6
Reading symbols from /lib/x86_64-linux-gnu/libuuid.so.1...(no debugging symbols found)...done.
Loaded symbols for /lib/x86_64-linux-gnu/libuuid.so.1
Reading symbols from /lib/x86_64-linux-gnu/liblzma.so.5...(no debugging symbols found)...done.
Loaded symbols for /lib/x86_64-linux-gnu/liblzma.so.5
Reading symbols from /usr/lib/x86_64-linux-gnu/libjbig.so.0...(no debugging symbols found)...done.
Loaded symbols for /usr/lib/x86_64-linux-gnu/libjbig.so.0
Reading symbols from /usr/lib/x86_64-linux-gnu/libxcb.so.1...(no debugging symbols found)...done.
Loaded symbols for /usr/lib/x86_64-linux-gnu/libxcb.so.1
Reading symbols from /usr/lib/x86_64-linux-gnu/libpixman-1.so.0...(no debugging symbols found)...done.
Loaded symbols for /usr/lib/x86_64-linux-gnu/libpixman-1.so.0
Reading symbols from /usr/lib/x86_64-linux-gnu/libxcb-shm.so.0...(no debugging symbols found)...done.
Loaded symbols for /usr/lib/x86_64-linux-gnu/libxcb-shm.so.0
Reading symbols from /usr/lib/x86_64-linux-gnu/libxcb-render.so.0...(no debugging symbols found)...done.
Loaded symbols for /usr/lib/x86_64-linux-gnu/libxcb-render.so.0
Reading symbols from /lib/x86_64-linux-gnu/librt.so.1...Reading symbols from /usr/lib/debug/lib/x86_64-linux-gnu/librt-2.17.so...done.
done.
Loaded symbols for /lib/x86_64-linux-gnu/librt.so.1
Reading symbols from /usr/lib/x86_64-linux-gnu/libgraphite2.so.3...(no debugging symbols found)...done.
Loaded symbols for /usr/lib/x86_64-linux-gnu/libgraphite2.so.3
Reading symbols from /usr/lib/x86_64-linux-gnu/libdatrie.so.1...(no debugging symbols found)...done.
Loaded symbols for /usr/lib/x86_64-linux-gnu/libdatrie.so.1
Reading symbols from /usr/lib/x86_64-linux-gnu/libXau.so.6...(no debugging symbols found)...done.
Loaded symbols for /usr/lib/x86_64-linux-gnu/libXau.so.6
Reading symbols from /usr/lib/x86_64-linux-gnu/libXdmcp.so.6...(no debugging symbols found)...done.
Loaded symbols for /usr/lib/x86_64-linux-gnu/libXdmcp.so.6
Reading symbols from /usr/lib/python2.7/dist-packages/wx-2.8-gtk2-unicode/wx/_gdi_.so...(no debugging symbols found)...done.
Loaded symbols for /usr/lib/python2.7/dist-packages/wx-2.8-gtk2-unicode/wx/_gdi_.so
Reading symbols from /usr/lib/python2.7/dist-packages/wx-2.8-gtk2-unicode/wx/_windows_.so...(no debugging symbols found)...done.
Loaded symbols for /usr/lib/python2.7/dist-packages/wx-2.8-gtk2-unicode/wx/_windows_.so
Reading symbols from /usr/lib/python2.7/dist-packages/wx-2.8-gtk2-unicode/wx/_controls_.so...(no debugging symbols found)...done.
Loaded symbols for /usr/lib/python2.7/dist-packages/wx-2.8-gtk2-unicode/wx/_controls_.so
Reading symbols from /usr/lib/python2.7/dist-packages/wx-2.8-gtk2-unicode/wx/_misc_.so...(no debugging symbols found)...done.
Loaded symbols for /usr/lib/python2.7/dist-packages/wx-2.8-gtk2-unicode/wx/_misc_.so
Reading symbols from /usr/lib/python2.7/dist-packages/wx-2.8-gtk2-unicode/wx/_stc.so...(no debugging symbols found)...done.
Loaded symbols for /usr/lib/python2.7/dist-packages/wx-2.8-gtk2-unicode/wx/_stc.so
Reading symbols from /usr/lib/x86_64-linux-gnu/libwx_gtk2u_stc-2.8.so.0...(no debugging symbols found)...done.
Loaded symbols for /usr/lib/x86_64-linux-gnu/libwx_gtk2u_stc-2.8.so.0
Reading symbols from /usr/lib/x86_64-linux-gnu/gconv/UTF-32.so...Reading symbols from /usr/lib/debug/usr/lib/x86_64-linux-gnu/gconv/UTF-32.so...done.
done.
Loaded symbols for /usr/lib/x86_64-linux-gnu/gconv/UTF-32.so
warning: no loadable sections found in added symbol-file system-supplied DSO at 0x7ffffc584000
0x00007f2872c97180 in __poll_nocancel ()
    at ../sysdeps/unix/syscall-template.S:81
81	../sysdeps/unix/syscall-template.S: No such file or directory.
(gdb) continue
Continuing.

Program received signal SIGSEGV, Segmentation fault.
0x00007f2870f79c14 in wxPen::GetDashCount() const ()
   from /usr/lib/x86_64-linux-gnu/libwx_gtk2u_core-2.8.so.0
(gdb) quit
A debugging session is active.

	Inferior 1 [process 12509] will be detached.

Quit anyway? (y or n) Not confirmed.
(gdb) stop
(gdb) quit
A debugging session is active.

	Inferior 1 [process 12509] will be detached.

Quit anyway? (y or n) Not confirmed.
(gdb) backtrace full
#0  0x00007f2870f79c14 in wxPen::GetDashCount() const ()
   from /usr/lib/x86_64-linux-gnu/libwx_gtk2u_core-2.8.so.0
No symbol table info available.
#1  0x00007f2868d50314 in ?? ()
   from /usr/lib/python2.7/dist-packages/wx-2.8-gtk2-unicode/wx/_gdi_.so
No symbol table info available.
#2  0x0000000000479a16 in PyEval_EvalFrameEx ()
No symbol table info available.
#3  0x00007ffffc4caf00 in ?? ()
No symbol table info available.
#4  0x0000000000000000 in ?? ()
No symbol table info available.
(gdb) info registers
rax            0x0	0
rbx            0x7f2871367b30	139811674815280
rcx            0x14f5c60	21978208
rdx            0x201d2b252f399968	2314053222244391272
rsi            0x1	1
rdi            0x7f2871367b30	139811674815280
rbp            0x110c0a0	0x110c0a0
rsp            0x7ffffc4caeb8	0x7ffffc4caeb8
r8             0x4bf930	4978992
r9             0x7f2868d502c0	139811534209728
r10            0x1532ed0	22228688
r11            0x110c0a0	17875104
r12            0x13bafb3	20688819
r13            0x2078080	34046080
r14            0x1d64890	30820496
r15            0x0	0
rip            0x7f2870f79c14	0x7f2870f79c14 <wxPen::GetDashCount() const+4>
eflags         0x10246	[ PF ZF IF RF ]
cs             0x33	51
ss             0x2b	43
ds             0x0	0
es             0x0	0
fs             0x0	0
gs             0x0	0
(gdb) x/16i $pc
=> 0x7f2870f79c14 <_ZNK5wxPen12GetDashCountEv+4>:	mov    0x30(%rax),%eax
   0x7f2870f79c17 <_ZNK5wxPen12GetDashCountEv+7>:	retq   
   0x7f2870f79c18:	nopl   0x0(%rax,%rax,1)
   0x7f2870f79c20 <_ZNK5wxPen7GetDashEv>:	mov    0x8(%rdi),%rax
   0x7f2870f79c24 <_ZNK5wxPen7GetDashEv+4>:	mov    0x38(%rax),%rax
   0x7f2870f79c28 <_ZNK5wxPen7GetDashEv+8>:	retq   
   0x7f2870f79c29:	nop
   0x7f2870f79c2a:	nopw   0x0(%rax,%rax,1)
   0x7f2870f79c30 <_ZNK5wxPen6GetCapEv>:	mov    0x8(%rdi),%rax
   0x7f2870f79c34 <_ZNK5wxPen6GetCapEv+4>:	test   %rax,%rax
   0x7f2870f79c37 <_ZNK5wxPen6GetCapEv+7>:	
    je     0x7f2870f79c3d <_ZNK5wxPen6GetCapEv+13>
   0x7f2870f79c39 <_ZNK5wxPen6GetCapEv+9>:	mov    0x18(%rax),%eax
   0x7f2870f79c3c <_ZNK5wxPen6GetCapEv+12>:	retq   
   0x7f2870f79c3d <_ZNK5wxPen6GetCapEv+13>:	mov    $0xffffffff,%eax
   0x7f2870f79c42 <_ZNK5wxPen6GetCapEv+18>:	retq   
   0x7f2870f79c43:	nop
(gdb) threat[Kd apply all backtrace

Thread 1 (Thread 0x7f2873c96700 (LWP 12509)):
#0  0x00007f2870f79c14 in wxPen::GetDashCount() const ()
   from /usr/lib/x86_64-linux-gnu/libwx_gtk2u_core-2.8.so.0
#1  0x00007f2868d50314 in ?? ()
   from /usr/lib/python2.7/dist-packages/wx-2.8-gtk2-unicode/wx/_gdi_.so
#2  0x0000000000479a16 in PyEval_EvalFrameEx ()
#3  0x00007ffffc4caf00 in ?? ()
#4  0x0000000000000000 in ?? ()
(gdb) u[Kquit
A debugging session is active.

	Inferior 1 [process 12509] will be detached.

Quit anyway? (y or n) Detaching from program: /usr/bin/python2.7, process 12509
